[demo.artureanec.com/html/cryptoland/demo_4/index.html]
[backblue.gif]
[fade.gif]
[index.html]
[demo.artureanec.com/html/cryptoland/demo_4/img/favicon/favicon.ico]
[demo.artureanec.com/html/cryptoland/demo_4/img/favicon/apple-touch-icon-180x180.png]
[demo.artureanec.com/html/cryptoland/demo_4/css/main.min.css]
[demo.artureanec.com/html/cryptoland/demo_4/img/visa.png]
[demo.artureanec.com/html/cryptoland/demo_4/img/mc.png]
[demo.artureanec.com/html/cryptoland/demo_4/img/bitcoin.png]
[demo.artureanec.com/html/cryptoland/demo_4/img/paypal.png]
[demo.artureanec.com/html/cryptoland/demo_4/img/promo-bg.png]
[demo.artureanec.com/html/cryptoland/demo_4/img/scroll-down.png]
[demo.artureanec.com/html/cryptoland/demo_4/img/video-btn.png]
[demo.artureanec.com/html/cryptoland/demo_4/img/video-bg.png]
[demo.artureanec.com/html/cryptoland/demo_4/img/about-img.png]
[demo.artureanec.com/html/cryptoland/demo_4/img/about-bg.png]
[demo.artureanec.com/html/cryptoland/demo_4/img/service-icon-1.svg]
[demo.artureanec.com/html/cryptoland/demo_4/img/service-icon-2.svg]
[demo.artureanec.com/html/cryptoland/demo_4/img/service-icon-3.svg]
[demo.artureanec.com/html/cryptoland/demo_4/img/services-bg1.png]
[demo.artureanec.com/html/cryptoland/demo_4/img/services-bg-1.png]
[demo.artureanec.com/html/cryptoland/demo_4/img/road_map.png]
[demo.artureanec.com/html/cryptoland/demo_4/img/partners-logo-1.png]
[demo.artureanec.com/html/cryptoland/demo_4/img/partners-logo-2.png]
[demo.artureanec.com/html/cryptoland/demo_4/img/partners-logo-3.png]
[demo.artureanec.com/html/cryptoland/demo_4/img/partners-logo-4.png]
[demo.artureanec.com/html/cryptoland/demo_4/img/partenrs-bg.png]
[demo.artureanec.com/html/cryptoland/demo_4/img/cases-icon-1.png]
[demo.artureanec.com/html/cryptoland/demo_4/img/cases-icon-2.png]
[demo.artureanec.com/html/cryptoland/demo_4/img/cases-icon-3.png]
[demo.artureanec.com/html/cryptoland/demo_4/img/cases-icon-4.png]
[demo.artureanec.com/html/cryptoland/demo_4/img/cases-icon-5.png]
[demo.artureanec.com/html/cryptoland/demo_4/img/cases-icon-6.png]
[demo.artureanec.com/html/cryptoland/demo_4/img/cases-bg.png]
[demo.artureanec.com/html/cryptoland/demo_4/img/cases-imgs.png]
[demo.artureanec.com/html/cryptoland/demo_4/img/data-bg.png]
[demo.artureanec.com/html/cryptoland/demo_4/img/data-bg-space.png]
[demo.artureanec.com/html/cryptoland/demo_4/img/bitcon-round.png]
[demo.artureanec.com/html/cryptoland/demo_4/img/stellar-round.png]
[demo.artureanec.com/html/cryptoland/demo_4/img/counterparty-round.png]
[demo.artureanec.com/html/cryptoland/demo_4/img/lisk.png]
[demo.artureanec.com/html/cryptoland/demo_4/img/eos-round.png]
[demo.artureanec.com/html/cryptoland/demo_4/img/facts-bg.png]
[demo.artureanec.com/html/cryptoland/demo_4/img/token-img.png]
[demo.artureanec.com/html/cryptoland/demo_4/img/pdf.svg]
[demo.artureanec.com/html/cryptoland/demo_4/img/docs-bg.png]
[demo.artureanec.com/html/cryptoland/demo_4/img/chart-bg.png]
[demo.artureanec.com/html/cryptoland/demo_4/img/advisor-avatar-1.jpg]
[demo.artureanec.com/html/cryptoland/demo_4/img/advisor-avatar-2.jpg]
[demo.artureanec.com/html/cryptoland/demo_4/img/advisor-avatar-3.jpg]
[demo.artureanec.com/html/cryptoland/demo_4/img/google-plus.svg]
[demo.artureanec.com/html/cryptoland/demo_4/img/advisor-avatar-4.jpg]
[demo.artureanec.com/html/cryptoland/demo_4/img/ava1.png]
[demo.artureanec.com/html/cryptoland/demo_4/img/ava2.png]
[demo.artureanec.com/html/cryptoland/demo_4/img/ava3.png]
[demo.artureanec.com/html/cryptoland/demo_4/img/ava4.png]
[demo.artureanec.com/html/cryptoland/demo_4/img/ava5.png]
[demo.artureanec.com/html/cryptoland/demo_4/img/ava6.png]
[demo.artureanec.com/html/cryptoland/demo_4/img/ava7.png]
[demo.artureanec.com/html/cryptoland/demo_4/img/ava8.png]
[demo.artureanec.com/html/cryptoland/demo_4/img/ava9.png]
[demo.artureanec.com/html/cryptoland/demo_4/img/ava10.png]
[demo.artureanec.com/html/cryptoland/demo_4/img/ava11.png]
[demo.artureanec.com/html/cryptoland/demo_4/img/ava12.png]
[demo.artureanec.com/html/cryptoland/demo_4/img/team-bg.png]
[demo.artureanec.com/html/cryptoland/demo_4/img/press-logo-1.png]
[demo.artureanec.com/html/cryptoland/demo_4/img/press-logo-2.png]
[demo.artureanec.com/html/cryptoland/demo_4/img/press-logo-3.png]
[demo.artureanec.com/html/cryptoland/demo_4/img/press-logo-4.png]
[demo.artureanec.com/html/cryptoland/demo_4/img/partners-logo-5.png]
[demo.artureanec.com/html/cryptoland/demo_4/img/subscribe-bg.png]
[ajax.googleapis.com/ajax/libs/jquery/2.2.4/jquery.min.js]
[demo.artureanec.com/html/cryptoland/demo_4/js/jquery-2.2.4.min.js]
[demo.artureanec.com/html/cryptoland/demo_4/index.html]
[demo.artureanec.com/html/cryptoland/demo_4/path/to/image.html]
[demo.artureanec.com/html/cryptoland/demo_4/fonts/Gilroy-Light/Gilroy-Light.eot]
[demo.artureanec.com/html/cryptoland/demo_4/js/scripts.min.js]
[demo.artureanec.com/html/cryptoland/demo_4/fonts/Gilroy-Light/Gilroy-Lightd41d.eot]
[demo.artureanec.com/html/cryptoland/demo_4/fonts/Gilroy-Light/Gilroy-Light.woff]
[demo.artureanec.com/html/cryptoland/demo_4/fonts/Gilroy-Light/Gilroy-Light.ttf]
[demo.artureanec.com/html/cryptoland/demo_4/fonts/fontello/fontello.eot]
[demo.artureanec.com/html/cryptoland/demo_4/fonts/fontello/fontello.woff]
[demo.artureanec.com/html/cryptoland/demo_4/fonts/fontello/fontello.ttf]
[demo.artureanec.com/html/cryptoland/demo_4/fonts/fontello/fontello.svg]
[demo.artureanec.com/html/cryptoland/demo_4/img/Logo_gradient.svg]
[demo.artureanec.com/html/cryptoland/demo_4/img/advisor-avatar-bg.png]
[demo.artureanec.com/html/cryptoland/demo_4/css/main.min.css]
[demo.artureanec.com/html/cryptoland/demo_4/img/service-icon-1.svg]
[demo.artureanec.com/html/cryptoland/demo_4/img/service-icon-2.svg]
[demo.artureanec.com/html/cryptoland/demo_4/img/service-icon-3.svg]
[demo.artureanec.com/html/cryptoland/demo_4/img/service-icon-4.svg]
[demo.artureanec.com/html/cryptoland/demo_4/img/star-gold.svg]
[demo.artureanec.com/html/cryptoland/demo_4/img/star.svg]
[demo.artureanec.com/html/cryptoland/demo_4/img/pdf.svg]
[demo.artureanec.com/html/cryptoland/demo_4/img/facebook.svg]
[demo.artureanec.com/html/cryptoland/demo_4/img/linkedin.svg]
[demo.artureanec.com/html/cryptoland/demo_4/img/google-plus.svg]
[demo.artureanec.com/html/cryptoland/demo_4/img/Logo_white.svg]
[demo.artureanec.com/html/cryptoland/demo_4/fonts/fontello/fontello.svg]
[demo.artureanec.com/html/cryptoland/demo_4/css/owl.video.play.html]
[demo.artureanec.com/html/cryptoland/demo_4/img/Logo_gradient.svg]
[demo.artureanec.com/html/cryptoland/demo_4/img/down-chevron.svg]
[demo.artureanec.com/html/cryptoland/demo_4/img/check.svg]
